2025-04-11 10:03:45,870 - INFO - Job scraping started.
2025-04-11 10:03:47,597 - WARNING - No jobs were scraped.
2025-04-11 10:03:47,597 - INFO - Job scraping finished.
2025-04-11 10:05:20,139 - INFO - Job scraping started.
2025-04-11 10:05:21,198 - WARNING - No jobs were scraped.
2025-04-11 10:05:21,198 - INFO - Job scraping finished.
2025-04-11 11:26:53,998 - INFO - Job scraping started.
2025-04-11 11:26:55,327 - WARNING - No jobs were scraped.
2025-04-11 11:26:55,328 - INFO - Job scraping finished.
2025-04-11 11:30:19,676 - INFO - Job scraping started.
2025-04-11 11:30:21,163 - WARNING - No jobs were scraped.
2025-04-11 11:30:21,163 - INFO - Job scraping finished.
2025-04-11 12:07:41,091 - INFO - Job scraping started.
2025-04-11 12:07:43,018 - WARNING - No jobs were scraped.
2025-04-11 12:07:43,018 - INFO - Job scraping finished.
2025-04-14 07:53:05,486 - INFO - Starting scraping job...
2025-04-14 07:53:05,487 - INFO - Fetching data from https://vacancymail.co.zw/jobs/
2025-04-14 07:53:06,662 - WARNING - No data to save
2025-04-14 07:53:06,666 - INFO - Scraping job completed
2025-04-14 07:57:53,801 - INFO - Starting scraping job...
2025-04-14 07:57:53,801 - INFO - Fetching data from https://vacancymail.co.zw/jobs/
2025-04-14 07:57:54,865 - WARNING - No data to save
2025-04-14 07:57:54,865 - INFO - Scraping job completed
2025-04-14 08:20:06,405 - INFO - Starting scraping job...
2025-04-14 08:20:06,407 - INFO - Fetching data from https://www.indeed.com/jobs?q=software+developer&l=New+York
2025-04-14 08:20:06,682 - ERROR - Request failed: 403 Client Error: Forbidden for url: https://www.indeed.com/jobs?q=software+developer&l=New+York
2025-04-14 08:20:06,690 - WARNING - No data to save
2025-04-14 08:20:06,690 - INFO - Scraping job completed
2025-04-14 08:56:29,255 - INFO - Job scraping started.
2025-04-14 08:56:30,529 - WARNING - No jobs were scraped.
2025-04-14 08:56:30,529 - INFO - Job scraping finished.
2025-04-14 10:04:43,636 - INFO - Job scraping started.
2025-04-14 10:04:56,366 - INFO - Saved 10 jobs to scraped_data.csv
2025-04-14 10:04:56,366 - INFO - Job scraping finished.
